To honour the JVM settings for this build a single-use Daemon process will be forked. For more on this, please refer to https://docs.gradle.org/8.12/userguide/gradle_daemon.html#sec:disabling_the_daemon in the Gradle documentation.
Daemon will be stopped at the end of the build 
> Task :createMinecraftArtifacts UP-TO-DATE
> Task :compileJava UP-TO-DATE
> Task :generateModMetadata UP-TO-DATE
> Task :processResources UP-TO-DATE
> Task :classes UP-TO-DATE
> Task :downloadAssets UP-TO-DATE
> Task :writeServerLegacyClasspath
> Task :prepareServerRun

> Task :runServer
WARN StatusConsoleListener Advanced terminal features are not available in this environment
[06:21:07] [main/INFO] [cp.mo.mo.Launcher/MODLAUNCHER]: ModLauncher running: args [--launchTarget, forgeserverdev, --gameDir, ., --fml.fmlVersion, 4.0.41, --fml.mcVersion, 1.21.1, --fml.neoForgeVersion, 21.1.206, --fml.neoFormVersion, 20240808.144430, --nogui, --port, 25579]
[06:21:07] [main/INFO] [cp.mo.mo.Launcher/MODLAUNCHER]: JVM identified as Oracle Corporation Java HotSpot(TM) 64-Bit Server VM 21.0.7+8-LTS-245
[06:21:07] [main/INFO] [cp.mo.mo.Launcher/MODLAUNCHER]: ModLauncher 11.0.5+main.901c6ea8 starting: java version 21.0.7 by Oracle Corporation; OS Mac OS X arch aarch64 version 26.6.2
[06:21:07] [main/INFO] [ne.ne.fm.lo.ImmediateWindowHandler/]: ImmediateWindowProvider not loading because launch target is forgeserverdev
[06:21:07] [main/INFO] [mixin/]: SpongePowered MIXIN Subsystem Version=0.8.7 Source=union:/Users/zero/.gradle/caches/modules-2/files-2.1/net.fabricmc/sponge-mixin/0.15.2+mixin.0.8.7/2af2f021d8e02a0220dc27a7a72b4666d66d44ca/sponge-mixin-0.15.2+mixin.0.8.7.jar%2394!/ Service=ModLauncher Env=SERVER
[06:21:08] [main/INFO] [ne.ne.fm.lo.mo.lo.JarInJarDependencyLocator/]: Found 2 dependencies adding them to mods collection
[06:21:08] [main/INFO] [ne.ne.fm.lo.mo.ModDiscoverer/]: 
     Mod List:
		Name Version (Mod Id)

		Field Emitters 1.0.0 (fieldemitters)
		Minecraft 1.21.1 (minecraft)
		NeoForge 21.1.206 (neoforge)
[06:21:08] [main/INFO] [cp.mo.mo.LaunchServiceHandler/MODLAUNCHER]: Launching target 'forgeserverdev' with arguments [--gameDir, ., --nogui, --port, 25579]
[06:21:09] [main/INFO] [MixinExtras|Service/]: Initializing MixinExtras via com.llamalad7.mixinextras.service.MixinExtrasServiceImpl(version=0.5.0).
[06:21:11] [main/WARN] [minecraft/Commands]: Ambiguity between arguments [teleport, location] and [teleport, destination] with inputs: [0.1 -0.5 .9, 0 0 0]
[06:21:11] [main/WARN] [minecraft/Commands]: Ambiguity between arguments [teleport, location] and [teleport, targets] with inputs: [0.1 -0.5 .9, 0 0 0]
[06:21:11] [main/WARN] [minecraft/Commands]: Ambiguity between arguments [teleport, destination] and [teleport, targets] with inputs: [Player, 0123, @e, dd12be42-52a9-4a91-a8a1-11c01849e498]
[06:21:11] [main/WARN] [minecraft/Commands]: Ambiguity between arguments [teleport, targets] and [teleport, destination] with inputs: [Player, 0123, dd12be42-52a9-4a91-a8a1-11c01849e498]
[06:21:11] [main/WARN] [minecraft/Commands]: Ambiguity between arguments [teleport, targets, location] and [teleport, targets, destination] with inputs: [0.1 -0.5 .9, 0 0 0]
[06:21:11] [modloading-worker-0/INFO] [ne.ne.ne.co.NeoForgeMod/NEOFORGE-MOD]: NeoForge mod loading, version 21.1.206, for MC 1.21.1
[06:21:11] [main/INFO] [mojang/YggdrasilAuthenticationService]: Environment: Environment[sessionHost=https://sessionserver.mojang.com, servicesHost=https://api.minecraftservices.com, name=PROD]
[06:21:11] [main/WARN] [minecraft/VanillaPackResourcesBuilder]: Assets URL 'union:/Users/zero/Documents/Dev/MC%20Mods/Field-Emitters/build/moddev/artifacts/neoforge-21.1.206.jar%23125!/assets/.mcassetsroot' uses unexpected schema
[06:21:11] [main/WARN] [minecraft/VanillaPackResourcesBuilder]: Assets URL 'union:/Users/zero/Documents/Dev/MC%20Mods/Field-Emitters/build/moddev/artifacts/neoforge-21.1.206.jar%23125!/data/.mcassetsroot' uses unexpected schema
[06:21:11] [main/INFO] [minecraft/Main]: No existing world data, creating new world
[06:21:11] [main/INFO] [minecraft/RecipeManager]: Loaded 1293 recipes
[06:21:11] [main/INFO] [minecraft/AdvancementTree]: Loaded 1402 advancements
[06:21:11] [Server thread/INFO] [minecraft/DedicatedServer]: Starting minecraft server version 1.21.1
[06:21:11] [Server thread/INFO] [minecraft/DedicatedServer]: Loading properties
[06:21:11] [Server thread/INFO] [minecraft/DedicatedServer]: Default game type: SURVIVAL
[06:21:11] [Server thread/INFO] [minecraft/MinecraftServer]: Generating keypair
[06:21:11] [Server thread/INFO] [minecraft/DedicatedServer]: Starting Minecraft server on 127.0.0.1:25579
[06:21:12] [Server thread/INFO] [minecraft/ServerConnectionListener]: Using default channel type
[06:21:12] [Server thread/INFO] [minecraft/DedicatedServer]: Preparing level "world"
[06:21:13] [Server thread/INFO] [minecraft/MinecraftServer]: Preparing start region for dimension minecraft:overworld
[06:21:13] [worldgen/INFO] [minecraft/LoggerChunkProgressListener]: Preparing spawn area: 2%
[06:21:13] [worldgen/INFO] [minecraft/LoggerChunkProgressListener]: Preparing spawn area: 18%
[06:21:14] [Server thread/INFO] [minecraft/LoggerChunkProgressListener]: Time elapsed: 1011 ms
[06:21:14] [Server thread/INFO] [minecraft/DedicatedServer]: Done (2.365s)! For help, type "help"
[06:21:14] [LanServerPinger #1/WARN] [minecraft/LanServerPinger]: LanServerPinger: No route to host
[06:21:14] [Server thread/INFO] [ne.ne.ne.ga.GameTestHooks/]: Enabled Gametest Namespaces: []
[06:21:14] [Server thread/INFO] [ne.ne.ne.se.pe.PermissionAPI/]: Successfully initialized permission handler neoforge:default_handler
[06:25:10] [Server thread/INFO] [minecraft/MinecraftServer]: Stopping server
[06:25:10] [Server thread/INFO] [minecraft/MinecraftServer]: Saving players
[06:25:10] [Server thread/INFO] [minecraft/MinecraftServer]: Saving worlds
[06:25:10] [Server thread/INFO] [minecraft/MinecraftServer]: Saving chunks for level 'ServerLevel[world]'/minecraft:overworld
[06:25:10] [Server thread/INFO] [minecraft/MinecraftServer]: Saving chunks for level 'ServerLevel[world]'/minecraft:the_nether
[06:25:10] [Server thread/INFO] [minecraft/MinecraftServer]: Saving chunks for level 'ServerLevel[world]'/minecraft:the_end
[06:25:10] [Server thread/INFO] [minecraft/MinecraftServer]: ThreadedAnvilChunkStorage (world): All chunks are saved
[06:25:10] [Server thread/INFO] [minecraft/MinecraftServer]: ThreadedAnvilChunkStorage (DIM-1): All chunks are saved
[06:25:10] [Server thread/INFO] [minecraft/MinecraftServer]: ThreadedAnvilChunkStorage (DIM1): All chunks are saved
[06:25:10] [Server thread/INFO] [minecraft/MinecraftServer]: ThreadedAnvilChunkStorage: All dimensions are saved

> Task :runServer FAILED

FAILURE: Build failed with an exception.

* What went wrong:
Execution failed for task ':runServer'.
> Process 'command '/Library/Java/JavaVirtualMachines/jdk-21.jdk/Contents/Home/bin/java'' finished with non-zero exit value 143

* Try:
> Run with --stacktrace option to get the stack trace.
> Run with --info or --debug option to get more log output.
> Run with --scan to get full insights.
> Get more help at https://help.gradle.org.

BUILD FAILED in 4m 6s
8 actionable tasks: 3 executed, 5 up-to-date
