To honour the JVM settings for this build a single-use Daemon process will be forked. For more on this, please refer to https://docs.gradle.org/8.12/userguide/gradle_daemon.html#sec:disabling_the_daemon in the Gradle documentation.
Daemon will be stopped at the end of the build 

> Configure project :
Fabric Loom: 1.10.5

> Task :compileJava
Note: Some input files use or override a deprecated API.
Note: Recompile with -Xlint:deprecation for details.

> Task :processResources UP-TO-DATE
> Task :classes
> Task :jar
> Task :compileTestJava NO-SOURCE
> Task :processIncludeJars UP-TO-DATE
> Task :processTestResources NO-SOURCE
> Task :testClasses UP-TO-DATE
> Task :test NO-SOURCE
> Task :validateAccessWidener NO-SOURCE
> Task :check UP-TO-DATE
> Task :generateLog4jConfig UP-TO-DATE
> Task :generateRemapClasspath UP-TO-DATE
> Task :generateDLIConfig UP-TO-DATE
> Task :configureLaunch UP-TO-DATE

> Task :runServer
[07:05:59] [main/INFO] (FabricLoader/GameProvider) Loading Minecraft 1.21.1 with Fabric Loader 0.19.5
[07:05:59] [main/WARN] (FabricLoader/Resolution) Warnings were found!
 - Mod 'Forge Config API Port' (forgeconfigapiport) 21.1.6 recommends any version of modmenu, which is missing!
	 - You should install any version of modmenu for the optimal experience.
[07:05:59] [main/INFO] (FabricLoader) Loading 46 mods:
	- fabric-api 0.116.17+1.21.1
	- fabric-api-base 0.4.42+6573ed8c48
	- fabric-api-lookup-api-v1 1.6.72+7b3d111d19
	- fabric-biome-api-v1 13.0.31+d527f9fd19
	- fabric-block-api-v1 1.1.0+0bc3503219
	- fabric-block-view-api-v2 1.0.11+ebb2264e19
	- fabric-command-api-v1 1.2.49+f71b366f19
	- fabric-command-api-v2 2.2.28+6ced4dd919
	- fabric-commands-v0 0.2.66+df3654b319
	- fabric-content-registries-v0 8.0.19+b559734419
	- fabric-convention-tags-v1 2.1.7+7f945d5b19
	- fabric-convention-tags-v2 2.12.0+c3656daa19
	- fabric-crash-report-info-v1 0.2.29+0af3f5a719
	- fabric-data-attachment-api-v1 1.4.7+5b36e0f719
	- fabric-data-generation-api-v1 20.3.0+1eb36c0719
	- fabric-dimensions-v1 4.0.1+65213ef819
	- fabric-entity-events-v1 1.8.0+2b27e0a419
	- fabric-events-interaction-v0 0.7.14+ba9dae0619
	- fabric-game-rule-api-v1 1.0.53+6ced4dd919
	- fabric-gametest-api-v1 2.0.5+6fc22b9919
	- fabric-item-api-v1 11.3.0+467044f319
	- fabric-item-group-api-v1 4.1.7+def88e3a19
	- fabric-lifecycle-events-v1 2.6.0+0865547519
	- fabric-loot-api-v2 3.0.15+3f89f5a519
	- fabric-loot-api-v3 1.0.3+3f89f5a519
	- fabric-message-api-v1 6.0.14+8aaf3aca19
	- fabric-networking-api-v1 4.3.1+d30f6a7919
	- fabric-object-builder-api-v1 15.2.1+40875a9319
	- fabric-particles-v1 4.0.2+6573ed8c19
	- fabric-recipe-api-v1 5.0.16+2475392c19
	- fabric-registry-sync-v0 5.3.2+e3eddc2119
	- fabric-rendering-data-attachment-v1 0.3.49+73761d2e19
	- fabric-rendering-fluids-v1 3.1.6+1daea21519
	- fabric-resource-conditions-api-v1 4.3.0+8dc279b119
	- fabric-resource-loader-v0 1.3.1+5b5275af19
	- fabric-screen-handler-api-v1 1.3.91+b559734419
	- fabric-tag-api-v1 1.3.0+1eb36c0719
	- fabric-transfer-api-v1 5.4.4+7b3d111d19
	- fabric-transitive-access-wideners-v1 6.2.0+45b9699719
	- fabricloader 0.19.5
	- fieldemitters 1.0.1
	- forgeconfigapiport 21.1.6
	- java 21
	- minecraft 1.21.1
	- mixinextras 0.5.5
	- team_reborn_energy 4.1.0
[07:05:59] [main/INFO] (FabricLoader/Mixin) SpongePowered MIXIN Subsystem Version=0.8.7 Source=file:/Users/zero/.gradle/caches/modules-2/files-2.1/net.fabricmc/sponge-mixin/0.17.4+mixin.0.8.7/5f66cc9f59b8efaa942155a3d5a30599bf6640dd/sponge-mixin-0.17.4+mixin.0.8.7.jar Service=Knot/Fabric Env=SERVER
[07:05:59] [main/INFO] (FabricLoader/Mixin) Loaded Fabric development mappings for mixin remapper!
[07:05:59] [main/WARN] (FabricLoader/Mixin) Reference map 'forgeconfigapiport.common.refmap.json' for forgeconfigapiport.common.mixins.json could not be read. If this is a development environment you can ignore this message
[07:05:59] [main/WARN] (FabricLoader/Mixin) Error loading class: com/electronwill/nightconfig/core/io/IoUtils (java.lang.ClassNotFoundException: com/electronwill/nightconfig/core/io/IoUtils)
[07:05:59] [main/INFO] (FabricLoader/MixinExtras|Service) Initializing MixinExtras via com.llamalad7.mixinextras.service.MixinExtrasServiceImpl(version=0.5.5).
[07:06:02] [main/INFO] (Minecraft) Environment: Environment[sessionHost=https://sessionserver.mojang.com, servicesHost=https://api.minecraftservices.com, name=PROD]
[07:06:03] [main/INFO] (Minecraft) No existing world data, creating new world
[07:06:03] [main/INFO] (Minecraft) Loaded 1293 recipes
[07:06:03] [main/INFO] (Minecraft) Loaded 1402 advancements
[07:06:03] [main/INFO] (BiomeModificationImpl) Applied 0 biome modifications to 0 of 64 new biomes in 832.1 μs
[07:06:03] [Server thread/INFO] (Minecraft) Starting minecraft server version 1.21.1
[07:06:03] [Server thread/INFO] (Minecraft) Loading properties
[07:06:03] [Server thread/INFO] (Minecraft) Default game type: SURVIVAL
[07:06:03] [Server thread/INFO] (Minecraft) Generating keypair
[07:06:03] [Server thread/INFO] (Minecraft) Starting Minecraft server on 127.0.0.1:25572
[07:06:03] [Server thread/INFO] (Minecraft) Using default channel type
[07:06:03] [Server thread/INFO] (Minecraft) Preparing level "world"
[07:06:05] [Server thread/INFO] (Minecraft) Preparing start region for dimension minecraft:overworld
[07:06:05] [Worker-Main-11/INFO] (Minecraft) Preparing spawn area: 2%
[07:06:05] [Worker-Main-13/INFO] (Minecraft) Preparing spawn area: 12%
[07:06:06] [Worker-Main-1/INFO] (Minecraft) Preparing spawn area: 51%
[07:06:06] [Server thread/INFO] (Minecraft) Time elapsed: 1317 ms
[07:06:06] [Server thread/INFO] (Minecraft) Done (2.708s)! For help, type "help"

> Task :remapJar
> Task :runServer FAILED

[Incubating] Problems report is available at: file:///Users/zero/Documents/Dev/MC%20Mods/Field-Emitters-1.21.1-Fabric/build/reports/problems/problems-report.html

FAILURE: Build failed with an exception.

* What went wrong:
Execution failed for task ':runServer'.
> Process 'command '/Library/Java/JavaVirtualMachines/jdk-21.jdk/Contents/Home/bin/java'' finished with non-zero exit value 143

* Try:
> Run with --stacktrace option to get the stack trace.
> Run with --info or --debug option to get more log output.
> Run with --scan to get full insights.
> Get more help at https://help.gradle.org.

BUILD FAILED in 4m 8s
9 actionable tasks: 4 executed, 5 up-to-date
