To honour the JVM settings for this build a single-use Daemon process will be forked. For more on this, please refer to https://docs.gradle.org/8.12/userguide/gradle_daemon.html#sec:disabling_the_daemon in the Gradle documentation.
Daemon will be stopped at the end of the build 
> Task :createMinecraftArtifacts UP-TO-DATE

> Task :compileJava
/Users/zero/Documents/Dev/MC Mods/Field-Emitters/src/main/java/com/zerotheabsolute/fieldemitters/client/FieldClient.java:9: warning: [removal] bus() in EventBusSubscriber has been deprecated and marked for removal
@EventBusSubscriber(modid = FieldEmitters.ID, bus = EventBusSubscriber.Bus.MOD, value = Dist.CLIENT)
                                              ^
/Users/zero/Documents/Dev/MC Mods/Field-Emitters/src/main/java/com/zerotheabsolute/fieldemitters/client/FieldClient.java:9: warning: [removal] Bus in EventBusSubscriber has been deprecated and marked for removal
@EventBusSubscriber(modid = FieldEmitters.ID, bus = EventBusSubscriber.Bus.MOD, value = Dist.CLIENT)
                                                                      ^
Note: Some input files use or override a deprecated API.
Note: Recompile with -Xlint:deprecation for details.
2 warnings

> Task :processResources UP-TO-DATE
> Task :classes
> Task :jarJar NO-SOURCE
> Task :jar
> Task :assemble
> Task :compileTestJava NO-SOURCE
> Task :processTestResources NO-SOURCE
> Task :testClasses UP-TO-DATE
> Task :test NO-SOURCE
> Task :check UP-TO-DATE
> Task :build

[Incubating] Problems report is available at: file:///Users/zero/Documents/Dev/MC%20Mods/Field-Emitters/build/reports/problems/problems-report.html

BUILD SUCCESSFUL in 4s
4 actionable tasks: 2 executed, 2 up-to-date
