Picked up JAVA_TOOL_OPTIONS: -Dterminal.jline=false -Dterminal.ansi=false
To honour the JVM settings for this build a single-use Daemon process will be forked. For more on this, please refer to https://docs.gradle.org/8.12/userguide/gradle_daemon.html#sec:disabling_the_daemon in the Gradle documentation.
Daemon will be stopped at the end of the build 

> Configure project :
Fabric Loom: 1.10.5

> Task :compileJava
Picked up JAVA_TOOL_OPTIONS: -Dterminal.jline=false -Dterminal.ansi=false
Note: Some input files use or override a deprecated API.
Note: Recompile with -Xlint:deprecation for details.

> Task :processResources UP-TO-DATE
> Task :classes
> Task :jar
> Task :compileTestJava NO-SOURCE
> Task :processIncludeJars UP-TO-DATE
> Task :processTestResources NO-SOURCE
> Task :testClasses UP-TO-DATE
> Task :test NO-SOURCE
> Task :validateAccessWidener NO-SOURCE
> Task :check UP-TO-DATE
> Task :generateLog4jConfig UP-TO-DATE
> Task :generateRemapClasspath
> Task :generateDLIConfig
> Task :configureLaunch

> Task :runServer
Picked up JAVA_TOOL_OPTIONS: -Dterminal.jline=false -Dterminal.ansi=false
[07:07:47] [main/INFO] (FabricLoader/GameProvider) Loading Minecraft 1.20.1 with Fabric Loader 0.19.5
[07:07:47] [main/INFO] (FabricLoader) Loading 49 mods:
	- fabric-api 0.92.12+1.20.1
	- fabric-api-base 0.4.32+1802ada577
	- fabric-api-lookup-api-v1 1.6.37+1802ada577
	- fabric-biome-api-v1 13.0.15+93aa238b77
	- fabric-block-api-v1 1.0.12+1802ada577
	- fabric-block-view-api-v2 1.0.3+924f046a77
	- fabric-command-api-v1 1.2.35+f71b366f77
	- fabric-command-api-v2 2.2.14+1802ada577
	- fabric-commands-v0 0.2.52+df3654b377
	- fabric-containers-v0 0.1.68+df3654b377
	- fabric-content-registries-v0 4.0.13+1802ada577
	- fabric-convention-tags-v1 1.5.6+1802ada577
	- fabric-crash-report-info-v1 0.2.20+1802ada577
	- fabric-data-attachment-api-v1 1.0.2+de0fd6d177
	- fabric-data-generation-api-v1 12.4.0+238242b777
	- fabric-dimensions-v1 2.1.55+1802ada577
	- fabric-entity-events-v1 1.6.1+1c78457f77
	- fabric-events-interaction-v0 0.6.6+13a40c6677
	- fabric-events-lifecycle-v0 0.2.64+df3654b377
	- fabric-game-rule-api-v1 1.0.41+1802ada577
	- fabric-gametest-api-v1 1.2.15+1802ada577
	- fabric-item-api-v1 2.1.29+1802ada577
	- fabric-item-group-api-v1 4.0.14+1802ada577
	- fabric-lifecycle-events-v1 2.2.23+1802ada577
	- fabric-loot-api-v2 1.2.3+1802ada577
	- fabric-loot-tables-v1 1.1.47+9e7660c677
	- fabric-message-api-v1 5.1.10+1802ada577
	- fabric-mining-level-api-v1 2.1.52+1802ada577
	- fabric-networking-api-v1 1.3.15+0caff8d077
	- fabric-networking-v0 0.3.55+df3654b377
	- fabric-object-builder-api-v1 11.1.5+e35120df77
	- fabric-particles-v1 1.1.3+1802ada577
	- fabric-recipe-api-v1 1.0.25+1802ada577
	- fabric-registry-sync-v0 2.4.1+4c0a70e677
	- fabric-rendering-data-attachment-v1 0.3.39+92a0d36777
	- fabric-rendering-fluids-v1 3.0.29+1802ada577
	- fabric-resource-conditions-api-v1 2.3.9+1802ada577
	- fabric-resource-loader-v0 0.11.12+fb82e9d777
	- fabric-screen-handler-api-v1 1.3.34+1802ada577
	- fabric-tag-api-v1 1.3.0+238242b777
	- fabric-transfer-api-v1 3.3.6+8dd72ea377
	- fabric-transitive-access-wideners-v1 4.3.2+1802ada577
	- fabricloader 0.19.5
	- fieldemitters 1.0.1
	- forgeconfigapiport 8.0.3
	- java 21
	- minecraft 1.20.1
	- mixinextras 0.5.5
	- team_reborn_energy 3.0.0
[07:07:47] [main/INFO] (FabricLoader/Mixin) SpongePowered MIXIN Subsystem Version=0.8.7 Source=file:/Users/zero/.gradle/caches/modules-2/files-2.1/net.fabricmc/sponge-mixin/0.17.4+mixin.0.8.7/5f66cc9f59b8efaa942155a3d5a30599bf6640dd/sponge-mixin-0.17.4+mixin.0.8.7.jar Service=Knot/Fabric Env=SERVER
[07:07:47] [main/INFO] (FabricLoader/Mixin) Loaded Fabric development mappings for mixin remapper!
[07:07:48] [main/INFO] (FabricLoader/MixinExtras|Service) Initializing MixinExtras via com.llamalad7.mixinextras.service.MixinExtrasServiceImpl(version=0.5.5).
[07:07:48] [main/WARN] (SysctlUtil) Failed sysctl call: hw.cpufrequency, Error code: 2
[07:07:51] [main/WARN] (ModNioResourcePack) Fabric NioResourcePack: ignored invalid namespace: fieldemitters 2 in mod ID fieldemitters
[07:07:51] [main/WARN] (ModNioResourcePack) Fabric NioResourcePack: ignored invalid namespace: minecraft 2 in mod ID fieldemitters
[07:07:51] [main/WARN] (ModNioResourcePack) Fabric NioResourcePack: ignored invalid namespace: fieldemitters 2 in mod ID fieldemitters
[07:07:51] [main/WARN] (ModNioResourcePack) Fabric NioResourcePack: ignored invalid namespace: fieldemitters 2 in mod ID fieldemitters
[07:07:51] [main/WARN] (ModNioResourcePack) Fabric NioResourcePack: ignored invalid namespace: minecraft 2 in mod ID fieldemitters
[07:07:51] [main/WARN] (ModNioResourcePack) Fabric NioResourcePack: ignored invalid namespace: fieldemitters 2 in mod ID fieldemitters
[07:07:51] [main/WARN] (ModNioResourcePack) Fabric NioResourcePack: ignored invalid namespace: fieldemitters 2 in mod ID fieldemitters
[07:07:51] [main/WARN] (ModNioResourcePack) Fabric NioResourcePack: ignored invalid namespace: minecraft 2 in mod ID fieldemitters
[07:07:51] [main/WARN] (ModNioResourcePack) Fabric NioResourcePack: ignored invalid namespace: fieldemitters 2 in mod ID fieldemitters
[07:07:51] [main/INFO] (Minecraft) Environment: authHost='https://authserver.mojang.com', accountsHost='https://api.mojang.com', sessionHost='https://sessionserver.mojang.com', servicesHost='https://api.minecraftservices.com', name='PROD'
[07:07:51] [main/WARN] (ModNioResourcePack) Fabric NioResourcePack: ignored invalid namespace: fieldemitters 2 in mod ID fieldemitters
[07:07:51] [main/WARN] (ModNioResourcePack) Fabric NioResourcePack: ignored invalid namespace: minecraft 2 in mod ID fieldemitters
[07:07:51] [main/WARN] (ModNioResourcePack) Fabric NioResourcePack: ignored invalid namespace: fieldemitters 2 in mod ID fieldemitters
[07:07:52] [main/INFO] (Minecraft) Loaded 7 recipes
[07:07:52] [main/INFO] (Minecraft) Loaded 1274 advancements
[07:07:53] [main/INFO] (BiomeModificationImpl) Applied 0 biome modifications to 0 of 64 new biomes in 598.6 μs
[07:07:53] [Server thread/INFO] (Minecraft) Starting minecraft server version 1.20.1
[07:07:53] [Server thread/INFO] (Minecraft) Loading properties
[07:07:53] [Server thread/INFO] (Minecraft) Default game type: SURVIVAL
[07:07:53] [Server thread/INFO] (Minecraft) Generating keypair
[07:07:53] [Server thread/INFO] (Minecraft) Starting Minecraft server on 127.0.0.1:25574
[07:07:53] [Server thread/INFO] (Minecraft) Using default channel type
[07:07:53] [Server thread/INFO] (Minecraft) Preparing level "world"
[07:07:55] [Server thread/INFO] (Minecraft) Preparing start region for dimension minecraft:overworld
[07:07:55] [Worker-Main-10/INFO] (Minecraft) Preparing spawn area: 0%
[07:07:55] [Worker-Main-12/INFO] (Minecraft) Preparing spawn area: 0%
[07:07:56] [Worker-Main-6/INFO] (Minecraft) Preparing spawn area: 1%
[07:07:56] [Worker-Main-14/INFO] (Minecraft) Preparing spawn area: 5%
[07:07:57] [Worker-Main-3/INFO] (Minecraft) Preparing spawn area: 10%
[07:07:57] [Worker-Main-2/INFO] (Minecraft) Preparing spawn area: 15%
[07:07:58] [Worker-Main-11/INFO] (Minecraft) Preparing spawn area: 22%
[07:07:58] [Worker-Main-14/INFO] (Minecraft) Preparing spawn area: 31%
[07:07:59] [Worker-Main-12/INFO] (Minecraft) Preparing spawn area: 37%
[07:07:59] [Worker-Main-8/INFO] (Minecraft) Preparing spawn area: 45%
[07:08:00] [Worker-Main-7/INFO] (Minecraft) Preparing spawn area: 54%
[07:08:00] [Worker-Main-15/INFO] (Minecraft) Preparing spawn area: 61%
[07:08:01] [Worker-Main-7/INFO] (Minecraft) Preparing spawn area: 70%
[07:08:01] [Worker-Main-13/INFO] (Minecraft) Preparing spawn area: 79%
[07:08:02] [Worker-Main-5/INFO] (Minecraft) Preparing spawn area: 88%
[07:08:02] [Server thread/INFO] (Minecraft) Time elapsed: 7480 ms
[07:08:02] [Server thread/INFO] (Minecraft) Done (9.405s)! For help, type "help"

> Task :remapJar
> Task :runServer FAILED

[Incubating] Problems report is available at: file:///Users/zero/Documents/Dev/MC%20Mods/Field-Emitters-1.20.1-Fabric/build/reports/problems/problems-report.html

FAILURE: Build failed with an exception.

* What went wrong:
Execution failed for task ':runServer'.
> Process 'command '/Library/Java/JavaVirtualMachines/jdk-21.jdk/Contents/Home/bin/java'' finished with non-zero exit value 143

* Try:
> Run with --stacktrace option to get the stack trace.
> Run with --info or --debug option to get more log output.
> Run with --scan to get full insights.
> Get more help at https://help.gradle.org.

Deprecated Gradle features were used in this build, making it incompatible with Gradle 9.0.

You can use '--warning-mode all' to show the individual deprecation warnings and determine if they come from your own scripts or plugins.

For more on this, please refer to https://docs.gradle.org/8.12/userguide/command_line_interface.html#sec:command_line_warnings in the Gradle documentation.

BUILD FAILED in 2m 23s
9 actionable tasks: 6 executed, 3 up-to-date
